// Jest Snapshot v1, https://goo.gl/fbAQLP

exports[`[snapshot] UserLoginComponent [snapshot] should renders markup to snapshot 1`] = `
<app-login
  _accountService={[Function Object]}
  _dialog={[Function Object]}
  _jwtDecoder={[Function MockJwtDecoderService]}
  _router={[Function MockRouter]}
  _userValidator={[Function UserValidationService]}
  email={[Function FormControl2]}
  password={[Function FormControl2]}
>
  <div
    class="login-container"
  >
    <mat-card
      class="mat-mdc-card mdc-card login-card"
    >
      <mat-card-header
        class="mat-mdc-card-header margin-under"
      >
        <div
          class="mat-mdc-card-header-text"
        >
          <mat-card-title
            class="mat-mdc-card-title margin-under"
          >
            Login
          </mat-card-title>
        </div>
      </mat-card-header>
      <mat-card-content
        class="mat-mdc-card-content"
      >
        <mat-form-field
          class="mat-mdc-form-field custom margin-under mat-mdc-form-field-type-mat-input mat-form-field-appearance-fill mat-form-field-hide-placeholder mat-primary ng-untouched ng-pristine ng-invalid"
        >
          <div
            class="mat-mdc-text-field-wrapper mdc-text-field mdc-text-field--filled"
          >
            <div
              class="mat-mdc-form-field-focus-overlay"
            />
            <div
              class="mat-mdc-form-field-flex"
            >
              <div
                class="mat-mdc-form-field-infix"
              >
                <label
                  class="mdc-floating-label mat-mdc-floating-label"
                  matformfieldfloatinglabel=""
                >
                  <mat-label>
                    Please enter your email
                  </mat-label>
                  <span
                    aria-hidden="true"
                    class="mat-mdc-form-field-required-marker mdc-floating-label--required"
                  />
                </label>
                <input
                  aria-required="true"
                  class="mat-mdc-input-element ng-untouched ng-pristine ng-invalid mat-mdc-form-field-input-control mdc-text-field__input cdk-text-field-autofill-monitored"
                  matinput=""
                  required=""
                />
              </div>
            </div>
            <div
              class="mdc-line-ripple mdc-line-ripple--deactivating"
              matformfieldlineripple=""
            />
          </div>
          <div
            class="mat-mdc-form-field-subscript-wrapper mat-mdc-form-field-bottom-align"
          >
            <div
              class="mat-mdc-form-field-hint-wrapper ng-trigger ng-trigger-transitionMessages"
              style="opacity: 1; transform: translateY(0%);"
            >
              <div
                class="mat-mdc-form-field-hint-spacer"
              />
            </div>
          </div>
        </mat-form-field>
        <mat-form-field
          class="mat-mdc-form-field custom margin-under mat-mdc-form-field-type-mat-input mat-form-field-appearance-fill mat-form-field-hide-placeholder mat-primary ng-untouched ng-pristine ng-invalid"
        >
          <div
            class="mat-mdc-text-field-wrapper mdc-text-field mdc-text-field--filled"
          >
            <div
              class="mat-mdc-form-field-focus-overlay"
            />
            <div
              class="mat-mdc-form-field-flex"
            >
              <div
                class="mat-mdc-form-field-infix"
              >
                <label
                  class="mdc-floating-label mat-mdc-floating-label"
                  matformfieldfloatinglabel=""
                >
                  <mat-label>
                    Enter your password
                  </mat-label>
                  <span
                    aria-hidden="true"
                    class="mat-mdc-form-field-required-marker mdc-floating-label--required"
                  />
                </label>
                <input
                  aria-required="true"
                  class="mat-mdc-input-element ng-untouched ng-pristine ng-invalid mat-mdc-form-field-input-control mdc-text-field__input cdk-text-field-autofill-monitored"
                  matinput=""
                  required=""
                  type="password"
                />
              </div>
            </div>
            <div
              class="mdc-line-ripple mdc-line-ripple--deactivating"
              matformfieldlineripple=""
            />
          </div>
          <div
            class="mat-mdc-form-field-subscript-wrapper mat-mdc-form-field-bottom-align"
          >
            <div
              class="mat-mdc-form-field-hint-wrapper ng-trigger ng-trigger-transitionMessages"
              style="opacity: 1; transform: translateY(0%);"
            >
              <div
                class="mat-mdc-form-field-hint-spacer"
              />
            </div>
          </div>
        </mat-form-field>
        <div
          class="button-container"
        >
          <button
            class="margin-right mdc-button mdc-button--raised mat-mdc-raised-button mat-primary mat-mdc-button-base"
            color="primary"
            mat-raised-button=""
            mat-ripple-loader-class-name="mat-mdc-button-ripple"
            mat-ripple-loader-uninitialized=""
          >
            <span
              class="mat-mdc-button-persistent-ripple mdc-button__ripple"
            />
            <span
              class="mdc-button__label"
            >
               Login 
            </span>
            <span
              class="mat-mdc-focus-indicator"
            />
            <span
              class="mat-mdc-button-touch-target"
            />
          </button>
          <button
            class="mdc-button mat-mdc-button mat-unthemed mat-mdc-button-base"
            mat-button=""
            mat-ripple-loader-class-name="mat-mdc-button-ripple"
            mat-ripple-loader-uninitialized=""
            routerlink="/"
          >
            <span
              class="mat-mdc-button-persistent-ripple mdc-button__ripple"
            />
            <span
              class="mdc-button__label"
            >
              Back
            </span>
            <span
              class="mat-mdc-focus-indicator"
            />
            <span
              class="mat-mdc-button-touch-target"
            />
          </button>
        </div>
      </mat-card-content>
    </mat-card>
  </div>
</app-login>
`;
