// Jest Snapshot v1, https://goo.gl/fbAQLP

exports[`LandingPageComponent [snapshot] should renders markup to snapshot 1`] = `
<app-landing-page>
  <section
    class="container"
  >
    <div
      class="header"
    >
      <h1>
        Welcome to Green Bay Service!
      </h1>
    </div>
    <h2>
      Our main features
    </h2>
    <mat-divider
      aria-orientation="horizontal"
      class="mat-divider mat-divider-horizontal"
      role="separator"
    />
    <div
      class="card-container"
    >
      <mat-card
        class="mat-mdc-card mdc-card card"
      >
        <mat-card-title
          class="mat-mdc-card-title"
        >
          Registration
        </mat-card-title>
        <mat-card-content
          class="mat-mdc-card-content"
        >
          <p>
             Sign up and create an account to access the Green Bay application. Provide your details and get ready to explore! 
          </p>
        </mat-card-content>
      </mat-card>
      <mat-card
        class="mat-mdc-card mdc-card card"
      >
        <mat-card-title
          class="mat-mdc-card-title"
        >
          Login
        </mat-card-title>
        <mat-card-content
          class="mat-mdc-card-content"
        >
          <p>
             Already have an account? Log in to access your personalized dashboard, manage your items and bids. Enjoy a seamless experience. 
          </p>
        </mat-card-content>
      </mat-card>
      <mat-card
        class="mat-mdc-card mdc-card card"
      >
        <mat-card-title
          class="mat-mdc-card-title"
        >
          Purchase
        </mat-card-title>
        <mat-card-content
          class="mat-mdc-card-content"
        >
          <p>
             Search, find and purchase amazing oportunities. 
          </p>
        </mat-card-content>
      </mat-card>
    </div>
    <mat-divider
      aria-orientation="horizontal"
      class="mat-divider mat-divider-horizontal"
      role="separator"
    />
    <div
      class="description"
    >
      <p>
        Description:
      </p>
      <p>
         Our Green Bay application is designed to provide you with a convenient platform to explore and find a wide variety for a wide range of events. Whether you're looking for concerts, sports events, theater performances, or other entertainment options, our application has got you covered! 
      </p>
    </div>
  </section>
</app-landing-page>
`;
